<!DOCTYPE html>
<html lang="en">
<head>
    <meta http-equiv="refresh" content="0;URL=../../esp_idf_sys/constant.http_errno_HPE_LF_EXPECTED.html">
    <title>Redirection</title>
</head>
<body>
    <p>Redirecting to <a href="../../esp_idf_sys/constant.http_errno_HPE_LF_EXPECTED.html">../../esp_idf_sys/constant.http_errno_HPE_LF_EXPECTED.html</a>...</p>
    <script>location.replace("../../esp_idf_sys/constant.http_errno_HPE_LF_EXPECTED.html" + location.search + location.hash);</script>
</body>
</html>